DEBUG:bot_logger:GUI started!
INFO:bot_logger:Stored settings to config!
WARNING:bot_logger:Starting bot...
INFO:bot_logger:scrcpy is not installed
DEBUG:urllib3.connectionpool:Starting new HTTPS connection (1): github.com:443
DEBUG:urllib3.connectionpool:https://github.com:443 "GET /Genymobile/scrcpy/releases/download/v1.24/scrcpy-win64-v1.24.zip HTTP/1.1" 302 0
DEBUG:urllib3.connectionpool:Starting new HTTPS connection (1): release-assets.githubusercontent.com:443
DEBUG:urllib3.connectionpool:https://release-assets.githubusercontent.com:443 "GET /github-production-release-asset/111583593/70ad3278-05bd-4cd3-a6bf-32803596115d?sp=r&sv=2018-11-09&sr=b&spr=https&se=2026-01-05T22%3A28%3A42Z&rscd=attachment%3B+filename%3Dscrcpy-win64-v1.24.zip&rsct=application%2Foctet-stream&skoid=96c2d410-5711-43a1-aedd-ab1947aa7ab0&sktid=398a6654-997b-47e9-b12b-9515b896b4de&skt=2026-01-05T21%3A27%3A43Z&ske=2026-01-05T22%3A28%3A42Z&sks=b&skv=2018-11-09&sig=q0S42oysMBGmD%2BlVwBgI0NQh6KkcRLzpmJZ8TfqffAw%3D&jwt=eyJ0eXAiOiJKV1QiLCJhbGciOiJIUzI1NiJ9.eyJpc3MiOiJnaXRodWIuY29tIiwiYXVkIjoicmVsZWFzZS1hc3NldHMuZ2l0aHVidXNlcmNvbnRlbnQuY29tIiwia2V5Ijoia2V5MSIsImV4cCI6MTc2NzY1MDk4NywibmJmIjoxNzY3NjQ5MTg3LCJwYXRoIjoicmVsZWFzZWFzc2V0cHJvZHVjdGlvbi5ibG9iLmNvcmUud2luZG93cy5uZXQifQ.gKpZ5uxkUPMPTe6cdY8WQc0tjSz2VU4mmXVp6tOIIuQ&response-content-disposition=attachment%3B%20filename%3Dscrcpy-win64-v1.24.zip&response-content-type=application%2Foctet-stream HTTP/1.1" 200 35639811
INFO:bot_logger:scrcpy succesfully installed
INFO:bot_logger:Stopping bot!
DEBUG:bot_logger:GUI started!
INFO:bot_logger:Stored settings to config!
WARNING:bot_logger:Starting bot...
INFO:__main__:Connecting to Bluestacks
INFO:bot_logger:Selected units: chemist, harlequin, bombardier, dryad, demon_hunter
WARNING:bot_logger:PVE is set to True
DEBUG:bot_logger:Bot mainloop started
INFO:bot_logger:lost, wait count: 0
INFO:bot_logger:lost, wait count: 1
INFO:bot_logger:lost, wait count: 2
INFO:bot_logger:lost, wait count: 3
INFO:bot_logger:lost, wait count: 4
INFO:bot_logger:lost, wait count: 5
INFO:bot_logger:home, wait count: 6
DEBUG:bot_logger:Starting Dungeon floor 10
INFO:bot_logger:menu, wait count: 7
INFO:bot_logger:Stopping bot!
INFO:bot_logger:menu, wait count: 8
WARNING:bot_logger:Exiting main loop...
INFO:bot_logger:Bot stopped!
CRITICAL:bot_logger:Safe to close gui
DEBUG:bot_logger:GUI started!
DEBUG:bot_logger:GUI started!
DEBUG:bot_logger:GUI started!
INFO:bot_logger:Stored settings to config!
WARNING:bot_logger:Starting bot...
INFO:bot_logger:Using pure-python-adb for Android device control
INFO:__main__:Connected to device via adbutils: emulator-5554
INFO:__main__:Started scrcpy client for touch input
INFO:__main__:Bot initialized successfully
INFO:bot_logger:Selected units: chemist, harlequin, bombardier, dryad, demon_hunter
WARNING:bot_logger:PVE is set to True
DEBUG:bot_logger:Bot mainloop started
DEBUG:bot_logger:adbutils screencap failed: 'AdbDevice' object has no attribute 'screencap'
DEBUG:bot_logger:Screenshot via .scrcpy\adb
INFO:bot_logger:menu, wait count: 0
DEBUG:bot_logger:Detected icons: ['ad_pve.png', 'battle_icon.png', 'chapter_3.png', 'dungeon_page.png', 'store_refresh.png']
DEBUG:bot_logger:adbutils screencap failed: 'AdbDevice' object has no attribute 'screencap'
DEBUG:bot_logger:Screenshot via .scrcpy\adb
DEBUG:bot_logger:adbutils screencap failed: 'AdbDevice' object has no attribute 'screencap'
DEBUG:bot_logger:Screenshot via .scrcpy\adb
INFO:bot_logger:menu, wait count: 1
DEBUG:bot_logger:Detected icons: ['ad_pve.png', 'battle_icon.png', 'chapter_3.png', 'store_refresh.png']
DEBUG:bot_logger:adbutils screencap failed: 'AdbDevice' object has no attribute 'screencap'
DEBUG:bot_logger:Screenshot via .scrcpy\adb
INFO:bot_logger:Stopping bot!
DEBUG:bot_logger:adbutils screencap failed: 'AdbDevice' object has no attribute 'screencap'
DEBUG:bot_logger:Screenshot via .scrcpy\adb
INFO:bot_logger:menu, wait count: 2
DEBUG:bot_logger:Detected icons: ['ad_pve.png', 'battle_icon.png', 'chapter_3.png', 'dungeon_page.png', 'store_refresh.png']
DEBUG:bot_logger:adbutils screencap failed: 'AdbDevice' object has no attribute 'screencap'
WARNING:bot_logger:Exiting main loop...
DEBUG:bot_logger:Screenshot via .scrcpy\adb
INFO:bot_logger:Bot stopped!
CRITICAL:bot_logger:Safe to close gui
DEBUG:bot_logger:GUI started!
INFO:bot_logger:Stored settings to config!
WARNING:bot_logger:Starting bot...
INFO:bot_logger:Using pure-python-adb for Android device control
INFO:__main__:Connected to device via adbutils: emulator-5554
INFO:__main__:Started scrcpy client for touch input
INFO:__main__:Bot initialized successfully
INFO:bot_logger:Selected units: chemist, harlequin, bombardier, dryad, demon_hunter
WARNING:bot_logger:PVE is set to True
DEBUG:bot_logger:Bot mainloop started
DEBUG:PIL.PngImagePlugin:STREAM b'IHDR' 16 13
DEBUG:PIL.PngImagePlugin:STREAM b'sBIT' 41 4
DEBUG:PIL.PngImagePlugin:b'sBIT' 41 4 (unknown)
DEBUG:PIL.PngImagePlugin:STREAM b'IDAT' 57 8192
DEBUG:bot_logger:Screenshot via adbutils
INFO:bot_logger:lost, wait count: 0
DEBUG:bot_logger:Detected icons: ['chapter_6.png', 'dungeon_page.png', 'store_refresh.png']
DEBUG:PIL.PngImagePlugin:STREAM b'IHDR' 16 13
DEBUG:PIL.PngImagePlugin:STREAM b'sBIT' 41 4
DEBUG:PIL.PngImagePlugin:b'sBIT' 41 4 (unknown)
DEBUG:PIL.PngImagePlugin:STREAM b'IDAT' 57 8192
DEBUG:bot_logger:Screenshot via adbutils
DEBUG:PIL.PngImagePlugin:STREAM b'IHDR' 16 13
DEBUG:PIL.PngImagePlugin:STREAM b'sBIT' 41 4
DEBUG:PIL.PngImagePlugin:b'sBIT' 41 4 (unknown)
DEBUG:PIL.PngImagePlugin:STREAM b'IDAT' 57 8192
DEBUG:bot_logger:Screenshot via adbutils
INFO:bot_logger:lost, wait count: 1
DEBUG:bot_logger:Detected icons: ['chapter_6.png', 'store_refresh.png']
DEBUG:PIL.PngImagePlugin:STREAM b'IHDR' 16 13
DEBUG:PIL.PngImagePlugin:STREAM b'sBIT' 41 4
DEBUG:PIL.PngImagePlugin:b'sBIT' 41 4 (unknown)
DEBUG:PIL.PngImagePlugin:STREAM b'IDAT' 57 8192
DEBUG:bot_logger:Screenshot via adbutils
DEBUG:PIL.PngImagePlugin:STREAM b'IHDR' 16 13
DEBUG:PIL.PngImagePlugin:STREAM b'sBIT' 41 4
DEBUG:PIL.PngImagePlugin:b'sBIT' 41 4 (unknown)
DEBUG:PIL.PngImagePlugin:STREAM b'IDAT' 57 8192
DEBUG:bot_logger:Screenshot via adbutils
INFO:bot_logger:lost, wait count: 2
DEBUG:bot_logger:Detected icons: ['chapter_6.png', 'store_refresh.png']
DEBUG:PIL.PngImagePlugin:STREAM b'IHDR' 16 13
DEBUG:PIL.PngImagePlugin:STREAM b'sBIT' 41 4
DEBUG:PIL.PngImagePlugin:b'sBIT' 41 4 (unknown)
DEBUG:PIL.PngImagePlugin:STREAM b'IDAT' 57 8192
DEBUG:bot_logger:Screenshot via adbutils
DEBUG:PIL.PngImagePlugin:STREAM b'IHDR' 16 13
DEBUG:PIL.PngImagePlugin:STREAM b'sBIT' 41 4
DEBUG:PIL.PngImagePlugin:b'sBIT' 41 4 (unknown)
DEBUG:PIL.PngImagePlugin:STREAM b'IDAT' 57 8192
DEBUG:bot_logger:Screenshot via adbutils
INFO:bot_logger:lost, wait count: 3
DEBUG:bot_logger:Detected icons: ['chapter_6.png', 'store_refresh.png']
DEBUG:PIL.PngImagePlugin:STREAM b'IHDR' 16 13
DEBUG:PIL.PngImagePlugin:STREAM b'sBIT' 41 4
DEBUG:PIL.PngImagePlugin:b'sBIT' 41 4 (unknown)
DEBUG:PIL.PngImagePlugin:STREAM b'IDAT' 57 8192
DEBUG:bot_logger:Screenshot via adbutils
DEBUG:PIL.PngImagePlugin:STREAM b'IHDR' 16 13
DEBUG:PIL.PngImagePlugin:STREAM b'sBIT' 41 4
DEBUG:PIL.PngImagePlugin:b'sBIT' 41 4 (unknown)
DEBUG:PIL.PngImagePlugin:STREAM b'IDAT' 57 8192
DEBUG:bot_logger:Screenshot via adbutils
INFO:bot_logger:lost, wait count: 4
DEBUG:bot_logger:Detected icons: ['chapter_6.png', 'store_refresh.png']
DEBUG:PIL.PngImagePlugin:STREAM b'IHDR' 16 13
DEBUG:PIL.PngImagePlugin:STREAM b'sBIT' 41 4
DEBUG:PIL.PngImagePlugin:b'sBIT' 41 4 (unknown)
DEBUG:PIL.PngImagePlugin:STREAM b'IDAT' 57 8192
DEBUG:bot_logger:Screenshot via adbutils
DEBUG:PIL.PngImagePlugin:STREAM b'IHDR' 16 13
DEBUG:PIL.PngImagePlugin:STREAM b'sBIT' 41 4
DEBUG:PIL.PngImagePlugin:b'sBIT' 41 4 (unknown)
DEBUG:PIL.PngImagePlugin:STREAM b'IDAT' 57 8192
DEBUG:bot_logger:Screenshot via adbutils
INFO:bot_logger:menu, wait count: 5
DEBUG:bot_logger:Detected icons: ['ad_pve.png', 'battle_icon.png', 'chapter_3.png', 'dungeon_page.png', 'store_refresh.png']
DEBUG:PIL.PngImagePlugin:STREAM b'IHDR' 16 13
DEBUG:PIL.PngImagePlugin:STREAM b'sBIT' 41 4
DEBUG:PIL.PngImagePlugin:b'sBIT' 41 4 (unknown)
DEBUG:PIL.PngImagePlugin:STREAM b'IDAT' 57 8192
DEBUG:bot_logger:Screenshot via adbutils
DEBUG:PIL.PngImagePlugin:STREAM b'IHDR' 16 13
DEBUG:PIL.PngImagePlugin:STREAM b'sBIT' 41 4
DEBUG:PIL.PngImagePlugin:b'sBIT' 41 4 (unknown)
DEBUG:PIL.PngImagePlugin:STREAM b'IDAT' 57 8192
DEBUG:bot_logger:Screenshot via adbutils
INFO:bot_logger:menu, wait count: 6
DEBUG:bot_logger:Detected icons: ['ad_pve.png', 'battle_icon.png', 'chapter_3.png', 'dungeon_page.png', 'store_refresh.png']
DEBUG:PIL.PngImagePlugin:STREAM b'IHDR' 16 13
DEBUG:PIL.PngImagePlugin:STREAM b'sBIT' 41 4
DEBUG:PIL.PngImagePlugin:b'sBIT' 41 4 (unknown)
DEBUG:PIL.PngImagePlugin:STREAM b'IDAT' 57 8192
DEBUG:bot_logger:Screenshot via adbutils
DEBUG:PIL.PngImagePlugin:STREAM b'IHDR' 16 13
DEBUG:PIL.PngImagePlugin:STREAM b'sBIT' 41 4
DEBUG:PIL.PngImagePlugin:b'sBIT' 41 4 (unknown)
DEBUG:PIL.PngImagePlugin:STREAM b'IDAT' 57 8192
DEBUG:bot_logger:Screenshot via adbutils
INFO:bot_logger:menu, wait count: 7
DEBUG:bot_logger:Detected icons: ['ad_pve.png', 'battle_icon.png', 'chapter_3.png', 'dungeon_page.png', 'store_refresh.png']
DEBUG:PIL.PngImagePlugin:STREAM b'IHDR' 16 13
DEBUG:PIL.PngImagePlugin:STREAM b'sBIT' 41 4
DEBUG:PIL.PngImagePlugin:b'sBIT' 41 4 (unknown)
DEBUG:PIL.PngImagePlugin:STREAM b'IDAT' 57 8192
DEBUG:bot_logger:Screenshot via adbutils
DEBUG:PIL.PngImagePlugin:STREAM b'IHDR' 16 13
DEBUG:PIL.PngImagePlugin:STREAM b'sBIT' 41 4
DEBUG:PIL.PngImagePlugin:b'sBIT' 41 4 (unknown)
DEBUG:PIL.PngImagePlugin:STREAM b'IDAT' 57 8192
DEBUG:bot_logger:Screenshot via adbutils
INFO:bot_logger:menu, wait count: 8
DEBUG:bot_logger:Detected icons: ['back_button.png', 'chapter_2.png', 'chapter_3.png', 'chapter_5.png', 'chapter_6.png', 'dungeon_page.png', 'floor_8.png', 'floor_9.png']
DEBUG:PIL.PngImagePlugin:STREAM b'IHDR' 16 13
DEBUG:PIL.PngImagePlugin:STREAM b'sBIT' 41 4
DEBUG:PIL.PngImagePlugin:b'sBIT' 41 4 (unknown)
DEBUG:PIL.PngImagePlugin:STREAM b'IDAT' 57 8192
DEBUG:bot_logger:Screenshot via adbutils
DEBUG:PIL.PngImagePlugin:STREAM b'IHDR' 16 13
DEBUG:PIL.PngImagePlugin:STREAM b'sBIT' 41 4
DEBUG:PIL.PngImagePlugin:b'sBIT' 41 4 (unknown)
DEBUG:PIL.PngImagePlugin:STREAM b'IDAT' 57 8192
DEBUG:bot_logger:Screenshot via adbutils
INFO:bot_logger:menu, wait count: 9
DEBUG:bot_logger:Detected icons: ['ad_pve.png', 'battle_icon.png', 'chapter_3.png', 'store_refresh.png']
DEBUG:PIL.PngImagePlugin:STREAM b'IHDR' 16 13
DEBUG:PIL.PngImagePlugin:STREAM b'sBIT' 41 4
DEBUG:PIL.PngImagePlugin:b'sBIT' 41 4 (unknown)
DEBUG:PIL.PngImagePlugin:STREAM b'IDAT' 57 8192
DEBUG:bot_logger:Screenshot via adbutils
DEBUG:PIL.PngImagePlugin:STREAM b'IHDR' 16 13
DEBUG:PIL.PngImagePlugin:STREAM b'sBIT' 41 4
DEBUG:PIL.PngImagePlugin:b'sBIT' 41 4 (unknown)
DEBUG:PIL.PngImagePlugin:STREAM b'IDAT' 57 8192
DEBUG:bot_logger:Screenshot via adbutils
INFO:bot_logger:menu, wait count: 10
DEBUG:bot_logger:Detected icons: ['ad_pve.png', 'battle_icon.png', 'chapter_3.png', 'dungeon_page.png', 'store_refresh.png']
DEBUG:PIL.PngImagePlugin:STREAM b'IHDR' 16 13
DEBUG:PIL.PngImagePlugin:STREAM b'sBIT' 41 4
DEBUG:PIL.PngImagePlugin:b'sBIT' 41 4 (unknown)
DEBUG:PIL.PngImagePlugin:STREAM b'IDAT' 57 8192
DEBUG:bot_logger:Screenshot via adbutils
DEBUG:PIL.PngImagePlugin:STREAM b'IHDR' 16 13
DEBUG:PIL.PngImagePlugin:STREAM b'sBIT' 41 4
DEBUG:PIL.PngImagePlugin:b'sBIT' 41 4 (unknown)
DEBUG:PIL.PngImagePlugin:STREAM b'IDAT' 57 8192
DEBUG:bot_logger:Screenshot via adbutils
INFO:bot_logger:menu, wait count: 11
DEBUG:bot_logger:Detected icons: ['ad_pve.png', 'battle_icon.png', 'chapter_3.png', 'dungeon_page.png', 'store_refresh.png']
DEBUG:PIL.PngImagePlugin:STREAM b'IHDR' 16 13
DEBUG:PIL.PngImagePlugin:STREAM b'sBIT' 41 4
DEBUG:PIL.PngImagePlugin:b'sBIT' 41 4 (unknown)
DEBUG:PIL.PngImagePlugin:STREAM b'IDAT' 57 8192
DEBUG:bot_logger:Screenshot via adbutils
DEBUG:PIL.PngImagePlugin:STREAM b'IHDR' 16 13
DEBUG:PIL.PngImagePlugin:STREAM b'sBIT' 41 4
DEBUG:PIL.PngImagePlugin:b'sBIT' 41 4 (unknown)
DEBUG:PIL.PngImagePlugin:STREAM b'IDAT' 57 8192
DEBUG:bot_logger:Screenshot via adbutils
INFO:bot_logger:menu, wait count: 12
DEBUG:bot_logger:Detected icons: ['ad_pve.png', 'battle_icon.png', 'chapter_3.png', 'dungeon_page.png', 'store_refresh.png']
DEBUG:PIL.PngImagePlugin:STREAM b'IHDR' 16 13
DEBUG:PIL.PngImagePlugin:STREAM b'sBIT' 41 4
DEBUG:PIL.PngImagePlugin:b'sBIT' 41 4 (unknown)
DEBUG:PIL.PngImagePlugin:STREAM b'IDAT' 57 8192
DEBUG:bot_logger:Screenshot via adbutils
DEBUG:PIL.PngImagePlugin:STREAM b'IHDR' 16 13
DEBUG:PIL.PngImagePlugin:STREAM b'sBIT' 41 4
DEBUG:PIL.PngImagePlugin:b'sBIT' 41 4 (unknown)
DEBUG:PIL.PngImagePlugin:STREAM b'IDAT' 57 8192
DEBUG:bot_logger:Screenshot via adbutils
INFO:bot_logger:menu, wait count: 13
DEBUG:bot_logger:Detected icons: ['ad_pve.png', 'battle_icon.png', 'chapter_3.png', 'dungeon_page.png', 'store_refresh.png']
DEBUG:PIL.PngImagePlugin:STREAM b'IHDR' 16 13
DEBUG:PIL.PngImagePlugin:STREAM b'sBIT' 41 4
DEBUG:PIL.PngImagePlugin:b'sBIT' 41 4 (unknown)
DEBUG:PIL.PngImagePlugin:STREAM b'IDAT' 57 8192
DEBUG:bot_logger:Screenshot via adbutils
DEBUG:PIL.PngImagePlugin:STREAM b'IHDR' 16 13
DEBUG:PIL.PngImagePlugin:STREAM b'sBIT' 41 4
DEBUG:PIL.PngImagePlugin:b'sBIT' 41 4 (unknown)
DEBUG:PIL.PngImagePlugin:STREAM b'IDAT' 57 8192
DEBUG:bot_logger:Screenshot via adbutils
INFO:bot_logger:menu, wait count: 14
DEBUG:bot_logger:Detected icons: ['ad_pve.png', 'battle_icon.png', 'chapter_3.png', 'dungeon_page.png', 'store_refresh.png']
DEBUG:PIL.PngImagePlugin:STREAM b'IHDR' 16 13
DEBUG:PIL.PngImagePlugin:STREAM b'sBIT' 41 4
DEBUG:PIL.PngImagePlugin:b'sBIT' 41 4 (unknown)
DEBUG:PIL.PngImagePlugin:STREAM b'IDAT' 57 8192
DEBUG:bot_logger:Screenshot via adbutils
DEBUG:PIL.PngImagePlugin:STREAM b'IHDR' 16 13
DEBUG:PIL.PngImagePlugin:STREAM b'sBIT' 41 4
DEBUG:PIL.PngImagePlugin:b'sBIT' 41 4 (unknown)
DEBUG:PIL.PngImagePlugin:STREAM b'IDAT' 57 8192
DEBUG:bot_logger:Screenshot via adbutils
INFO:bot_logger:menu, wait count: 15
DEBUG:bot_logger:Detected icons: ['ad_pve.png', 'battle_icon.png', 'chapter_3.png', 'store_refresh.png']
DEBUG:PIL.PngImagePlugin:STREAM b'IHDR' 16 13
DEBUG:PIL.PngImagePlugin:STREAM b'sBIT' 41 4
DEBUG:PIL.PngImagePlugin:b'sBIT' 41 4 (unknown)
DEBUG:PIL.PngImagePlugin:STREAM b'IDAT' 57 8192
DEBUG:bot_logger:Screenshot via adbutils
DEBUG:PIL.PngImagePlugin:STREAM b'IHDR' 16 13
DEBUG:PIL.PngImagePlugin:STREAM b'sBIT' 41 4
DEBUG:PIL.PngImagePlugin:b'sBIT' 41 4 (unknown)
DEBUG:PIL.PngImagePlugin:STREAM b'IDAT' 57 8192
DEBUG:bot_logger:Screenshot via adbutils
INFO:bot_logger:menu, wait count: 16
DEBUG:bot_logger:Detected icons: ['ad_pve.png', 'battle_icon.png', 'chapter_3.png', 'store_refresh.png']
DEBUG:PIL.PngImagePlugin:STREAM b'IHDR' 16 13
DEBUG:PIL.PngImagePlugin:STREAM b'sBIT' 41 4
DEBUG:PIL.PngImagePlugin:b'sBIT' 41 4 (unknown)
DEBUG:PIL.PngImagePlugin:STREAM b'IDAT' 57 8192
DEBUG:bot_logger:Screenshot via adbutils
DEBUG:PIL.PngImagePlugin:STREAM b'IHDR' 16 13
DEBUG:PIL.PngImagePlugin:STREAM b'sBIT' 41 4
DEBUG:PIL.PngImagePlugin:b'sBIT' 41 4 (unknown)
DEBUG:PIL.PngImagePlugin:STREAM b'IDAT' 57 8192
DEBUG:bot_logger:Screenshot via adbutils
INFO:bot_logger:menu, wait count: 17
DEBUG:bot_logger:Detected icons: ['ad_pve.png', 'battle_icon.png', 'chapter_3.png', 'dungeon_page.png', 'store_refresh.png']
DEBUG:PIL.PngImagePlugin:STREAM b'IHDR' 16 13
DEBUG:PIL.PngImagePlugin:STREAM b'sBIT' 41 4
DEBUG:PIL.PngImagePlugin:b'sBIT' 41 4 (unknown)
DEBUG:PIL.PngImagePlugin:STREAM b'IDAT' 57 8192
DEBUG:bot_logger:Screenshot via adbutils
DEBUG:PIL.PngImagePlugin:STREAM b'IHDR' 16 13
DEBUG:PIL.PngImagePlugin:STREAM b'sBIT' 41 4
DEBUG:PIL.PngImagePlugin:b'sBIT' 41 4 (unknown)
DEBUG:PIL.PngImagePlugin:STREAM b'IDAT' 57 8192
DEBUG:bot_logger:Screenshot via adbutils
INFO:bot_logger:menu, wait count: 18
DEBUG:bot_logger:Detected icons: ['ad_pve.png', 'battle_icon.png', 'chapter_3.png', 'dungeon_page.png', 'store_refresh.png']
DEBUG:PIL.PngImagePlugin:STREAM b'IHDR' 16 13
DEBUG:PIL.PngImagePlugin:STREAM b'sBIT' 41 4
DEBUG:PIL.PngImagePlugin:b'sBIT' 41 4 (unknown)
DEBUG:PIL.PngImagePlugin:STREAM b'IDAT' 57 8192
DEBUG:bot_logger:Screenshot via adbutils
DEBUG:PIL.PngImagePlugin:STREAM b'IHDR' 16 13
DEBUG:PIL.PngImagePlugin:STREAM b'sBIT' 41 4
DEBUG:PIL.PngImagePlugin:b'sBIT' 41 4 (unknown)
DEBUG:PIL.PngImagePlugin:STREAM b'IDAT' 57 8192
DEBUG:bot_logger:Screenshot via adbutils
INFO:bot_logger:menu, wait count: 19
DEBUG:bot_logger:Detected icons: ['ad_pve.png', 'battle_icon.png', 'chapter_3.png', 'dungeon_page.png', 'store_refresh.png']
DEBUG:PIL.PngImagePlugin:STREAM b'IHDR' 16 13
DEBUG:PIL.PngImagePlugin:STREAM b'sBIT' 41 4
DEBUG:PIL.PngImagePlugin:b'sBIT' 41 4 (unknown)
DEBUG:PIL.PngImagePlugin:STREAM b'IDAT' 57 8192
DEBUG:bot_logger:Screenshot via adbutils
DEBUG:PIL.PngImagePlugin:STREAM b'IHDR' 16 13
DEBUG:PIL.PngImagePlugin:STREAM b'sBIT' 41 4
DEBUG:PIL.PngImagePlugin:b'sBIT' 41 4 (unknown)
DEBUG:PIL.PngImagePlugin:STREAM b'IDAT' 57 8192
DEBUG:bot_logger:Screenshot via adbutils
INFO:bot_logger:menu, wait count: 20
DEBUG:bot_logger:Detected icons: ['ad_pve.png', 'battle_icon.png', 'chapter_3.png', 'dungeon_page.png', 'store_refresh.png']
DEBUG:PIL.PngImagePlugin:STREAM b'IHDR' 16 13
DEBUG:PIL.PngImagePlugin:STREAM b'sBIT' 41 4
DEBUG:PIL.PngImagePlugin:b'sBIT' 41 4 (unknown)
DEBUG:PIL.PngImagePlugin:STREAM b'IDAT' 57 8192
DEBUG:bot_logger:Screenshot via adbutils
DEBUG:PIL.PngImagePlugin:STREAM b'IHDR' 16 13
DEBUG:PIL.PngImagePlugin:STREAM b'sBIT' 41 4
DEBUG:PIL.PngImagePlugin:b'sBIT' 41 4 (unknown)
DEBUG:PIL.PngImagePlugin:STREAM b'IDAT' 57 8192
DEBUG:bot_logger:Screenshot via adbutils
INFO:bot_logger:menu, wait count: 21
DEBUG:bot_logger:Detected icons: ['ad_pve.png', 'battle_icon.png', 'chapter_3.png', 'store_refresh.png']
DEBUG:PIL.PngImagePlugin:STREAM b'IHDR' 16 13
DEBUG:PIL.PngImagePlugin:STREAM b'sBIT' 41 4
DEBUG:PIL.PngImagePlugin:b'sBIT' 41 4 (unknown)
DEBUG:PIL.PngImagePlugin:STREAM b'IDAT' 57 8192
DEBUG:bot_logger:Screenshot via adbutils
DEBUG:PIL.PngImagePlugin:STREAM b'IHDR' 16 13
DEBUG:PIL.PngImagePlugin:STREAM b'sBIT' 41 4
DEBUG:PIL.PngImagePlugin:b'sBIT' 41 4 (unknown)
DEBUG:PIL.PngImagePlugin:STREAM b'IDAT' 57 8192
DEBUG:bot_logger:Screenshot via adbutils
INFO:bot_logger:menu, wait count: 22
DEBUG:bot_logger:Detected icons: ['ad_pve.png', 'battle_icon.png', 'chapter_3.png', 'store_refresh.png']
DEBUG:PIL.PngImagePlugin:STREAM b'IHDR' 16 13
DEBUG:PIL.PngImagePlugin:STREAM b'sBIT' 41 4
DEBUG:PIL.PngImagePlugin:b'sBIT' 41 4 (unknown)
DEBUG:PIL.PngImagePlugin:STREAM b'IDAT' 57 8192
DEBUG:bot_logger:Screenshot via adbutils
DEBUG:PIL.PngImagePlugin:STREAM b'IHDR' 16 13
DEBUG:PIL.PngImagePlugin:STREAM b'sBIT' 41 4
DEBUG:PIL.PngImagePlugin:b'sBIT' 41 4 (unknown)
DEBUG:PIL.PngImagePlugin:STREAM b'IDAT' 57 8192
DEBUG:bot_logger:Screenshot via adbutils
INFO:bot_logger:menu, wait count: 23
DEBUG:bot_logger:Detected icons: ['ad_pve.png', 'battle_icon.png', 'chapter_3.png', 'dungeon_page.png', 'store_refresh.png']
DEBUG:PIL.PngImagePlugin:STREAM b'IHDR' 16 13
DEBUG:PIL.PngImagePlugin:STREAM b'sBIT' 41 4
DEBUG:PIL.PngImagePlugin:b'sBIT' 41 4 (unknown)
DEBUG:PIL.PngImagePlugin:STREAM b'IDAT' 57 8192
DEBUG:bot_logger:Screenshot via adbutils
DEBUG:PIL.PngImagePlugin:STREAM b'IHDR' 16 13
DEBUG:PIL.PngImagePlugin:STREAM b'sBIT' 41 4
DEBUG:PIL.PngImagePlugin:b'sBIT' 41 4 (unknown)
DEBUG:PIL.PngImagePlugin:STREAM b'IDAT' 57 8192
DEBUG:bot_logger:Screenshot via adbutils
INFO:bot_logger:menu, wait count: 24
DEBUG:bot_logger:Detected icons: ['ad_pve.png', 'battle_icon.png', 'chapter_3.png', 'dungeon_page.png', 'store_refresh.png']
DEBUG:PIL.PngImagePlugin:STREAM b'IHDR' 16 13
DEBUG:PIL.PngImagePlugin:STREAM b'sBIT' 41 4
DEBUG:PIL.PngImagePlugin:b'sBIT' 41 4 (unknown)
DEBUG:PIL.PngImagePlugin:STREAM b'IDAT' 57 8192
DEBUG:bot_logger:Screenshot via adbutils
DEBUG:PIL.PngImagePlugin:STREAM b'IHDR' 16 13
DEBUG:PIL.PngImagePlugin:STREAM b'sBIT' 41 4
DEBUG:PIL.PngImagePlugin:b'sBIT' 41 4 (unknown)
DEBUG:PIL.PngImagePlugin:STREAM b'IDAT' 57 8192
DEBUG:bot_logger:Screenshot via adbutils
INFO:bot_logger:menu, wait count: 25
DEBUG:bot_logger:Detected icons: ['ad_pve.png', 'battle_icon.png', 'chapter_3.png', 'dungeon_page.png', 'store_refresh.png']
DEBUG:PIL.PngImagePlugin:STREAM b'IHDR' 16 13
DEBUG:PIL.PngImagePlugin:STREAM b'sBIT' 41 4
DEBUG:PIL.PngImagePlugin:b'sBIT' 41 4 (unknown)
DEBUG:PIL.PngImagePlugin:STREAM b'IDAT' 57 8192
DEBUG:bot_logger:Screenshot via adbutils
DEBUG:PIL.PngImagePlugin:STREAM b'IHDR' 16 13
DEBUG:PIL.PngImagePlugin:STREAM b'sBIT' 41 4
DEBUG:PIL.PngImagePlugin:b'sBIT' 41 4 (unknown)
DEBUG:PIL.PngImagePlugin:STREAM b'IDAT' 57 8192
DEBUG:bot_logger:Screenshot via adbutils
INFO:bot_logger:menu, wait count: 26
DEBUG:bot_logger:Detected icons: ['ad_pve.png', 'battle_icon.png', 'chapter_3.png', 'store_refresh.png']
DEBUG:PIL.PngImagePlugin:STREAM b'IHDR' 16 13
DEBUG:PIL.PngImagePlugin:STREAM b'sBIT' 41 4
DEBUG:PIL.PngImagePlugin:b'sBIT' 41 4 (unknown)
DEBUG:PIL.PngImagePlugin:STREAM b'IDAT' 57 8192
DEBUG:bot_logger:Screenshot via adbutils
DEBUG:PIL.PngImagePlugin:STREAM b'IHDR' 16 13
DEBUG:PIL.PngImagePlugin:STREAM b'sBIT' 41 4
DEBUG:PIL.PngImagePlugin:b'sBIT' 41 4 (unknown)
DEBUG:PIL.PngImagePlugin:STREAM b'IDAT' 57 8192
DEBUG:bot_logger:Screenshot via adbutils
INFO:bot_logger:menu, wait count: 27
DEBUG:bot_logger:Detected icons: ['ad_pve.png', 'battle_icon.png', 'chapter_3.png', 'dungeon_page.png', 'store_refresh.png']
DEBUG:PIL.PngImagePlugin:STREAM b'IHDR' 16 13
DEBUG:PIL.PngImagePlugin:STREAM b'sBIT' 41 4
DEBUG:PIL.PngImagePlugin:b'sBIT' 41 4 (unknown)
DEBUG:PIL.PngImagePlugin:STREAM b'IDAT' 57 8192
DEBUG:bot_logger:Screenshot via adbutils
DEBUG:PIL.PngImagePlugin:STREAM b'IHDR' 16 13
DEBUG:PIL.PngImagePlugin:STREAM b'sBIT' 41 4
DEBUG:PIL.PngImagePlugin:b'sBIT' 41 4 (unknown)
DEBUG:PIL.PngImagePlugin:STREAM b'IDAT' 57 8192
DEBUG:bot_logger:Screenshot via adbutils
INFO:bot_logger:Stopping bot!
WARNING:bot_logger:Exiting main loop...
INFO:bot_logger:menu, wait count: 28
DEBUG:bot_logger:Detected icons: ['ad_pve.png', 'battle_icon.png', 'chapter_3.png', 'dungeon_page.png', 'store_refresh.png']
DEBUG:PIL.PngImagePlugin:STREAM b'IHDR' 16 13
DEBUG:PIL.PngImagePlugin:STREAM b'sBIT' 41 4
DEBUG:PIL.PngImagePlugin:b'sBIT' 41 4 (unknown)
DEBUG:PIL.PngImagePlugin:STREAM b'IDAT' 57 8192
DEBUG:bot_logger:Screenshot via adbutils
INFO:bot_logger:Bot stopped!
CRITICAL:bot_logger:Safe to close gui
DEBUG:bot_logger:GUI started!
INFO:bot_logger:Stored settings to config!
WARNING:bot_logger:Starting bot...
INFO:bot_logger:Using pure-python-adb for Android device control
INFO:__main__:Connected to device via adbutils: emulator-5554
INFO:__main__:Started scrcpy client for touch input
INFO:__main__:Bot initialized successfully
INFO:bot_logger:Selected units: chemist, harlequin, bombardier, dryad, demon_hunter
WARNING:bot_logger:PVE is set to True
DEBUG:bot_logger:Bot mainloop started
DEBUG:PIL.PngImagePlugin:STREAM b'IHDR' 16 13
DEBUG:PIL.PngImagePlugin:STREAM b'sBIT' 41 4
DEBUG:PIL.PngImagePlugin:b'sBIT' 41 4 (unknown)
DEBUG:PIL.PngImagePlugin:STREAM b'IDAT' 57 8192
DEBUG:bot_logger:Screenshot via adbutils
INFO:bot_logger:menu, wait count: 0
DEBUG:bot_logger:Detected icons: ['ad_pve.png', 'battle_icon.png', 'chapter_3.png', 'dungeon_page.png', 'store_refresh.png']
DEBUG:PIL.PngImagePlugin:STREAM b'IHDR' 16 13
DEBUG:PIL.PngImagePlugin:STREAM b'sBIT' 41 4
DEBUG:PIL.PngImagePlugin:b'sBIT' 41 4 (unknown)
DEBUG:PIL.PngImagePlugin:STREAM b'IDAT' 57 8192
DEBUG:bot_logger:Screenshot via adbutils
DEBUG:PIL.PngImagePlugin:STREAM b'IHDR' 16 13
DEBUG:PIL.PngImagePlugin:STREAM b'sBIT' 41 4
DEBUG:PIL.PngImagePlugin:b'sBIT' 41 4 (unknown)
DEBUG:PIL.PngImagePlugin:STREAM b'IDAT' 57 8192
DEBUG:bot_logger:Screenshot via adbutils
INFO:bot_logger:menu, wait count: 1
DEBUG:bot_logger:Detected icons: ['ad_pve.png', 'battle_icon.png', 'chapter_3.png', 'dungeon_page.png', 'store_refresh.png']
DEBUG:PIL.PngImagePlugin:STREAM b'IHDR' 16 13
DEBUG:PIL.PngImagePlugin:STREAM b'sBIT' 41 4
DEBUG:PIL.PngImagePlugin:b'sBIT' 41 4 (unknown)
DEBUG:PIL.PngImagePlugin:STREAM b'IDAT' 57 8192
DEBUG:bot_logger:Screenshot via adbutils
DEBUG:PIL.PngImagePlugin:STREAM b'IHDR' 16 13
DEBUG:PIL.PngImagePlugin:STREAM b'sBIT' 41 4
DEBUG:PIL.PngImagePlugin:b'sBIT' 41 4 (unknown)
DEBUG:PIL.PngImagePlugin:STREAM b'IDAT' 57 8192
DEBUG:bot_logger:Screenshot via adbutils
INFO:bot_logger:Stopping bot!
WARNING:bot_logger:Exiting main loop...
INFO:bot_logger:menu, wait count: 2
DEBUG:bot_logger:Detected icons: ['ad_pve.png', 'battle_icon.png', 'chapter_3.png', 'dungeon_page.png', 'store_refresh.png']
DEBUG:PIL.PngImagePlugin:STREAM b'IHDR' 16 13
DEBUG:PIL.PngImagePlugin:STREAM b'sBIT' 41 4
DEBUG:PIL.PngImagePlugin:b'sBIT' 41 4 (unknown)
DEBUG:PIL.PngImagePlugin:STREAM b'IDAT' 57 8192
DEBUG:bot_logger:Screenshot via adbutils
INFO:bot_logger:Bot stopped!
CRITICAL:bot_logger:Safe to close gui
INFO:bot_logger:Stored settings to config!
WARNING:bot_logger:Starting bot...
INFO:bot_logger:Using pure-python-adb for Android device control
INFO:__main__:Connected to device via adbutils: emulator-5554
INFO:__main__:Started scrcpy client for touch input
INFO:__main__:Bot initialized successfully
INFO:bot_logger:Selected units: chemist, harlequin, bombardier, dryad, demon_hunter
WARNING:bot_logger:PVE is set to True
DEBUG:bot_logger:Bot mainloop started
DEBUG:PIL.PngImagePlugin:STREAM b'IHDR' 16 13
DEBUG:PIL.PngImagePlugin:STREAM b'sBIT' 41 4
DEBUG:PIL.PngImagePlugin:b'sBIT' 41 4 (unknown)
DEBUG:PIL.PngImagePlugin:STREAM b'IDAT' 57 8192
DEBUG:bot_logger:Screenshot via adbutils
INFO:bot_logger:menu, wait count: 0
DEBUG:bot_logger:Detected icons: ['ad_pve.png', 'battle_icon.png', 'chapter_3.png', 'dungeon_page.png', 'store_refresh.png']
DEBUG:PIL.PngImagePlugin:STREAM b'IHDR' 16 13
DEBUG:PIL.PngImagePlugin:STREAM b'sBIT' 41 4
DEBUG:PIL.PngImagePlugin:b'sBIT' 41 4 (unknown)
DEBUG:PIL.PngImagePlugin:STREAM b'IDAT' 57 8192
DEBUG:bot_logger:Screenshot via adbutils
DEBUG:PIL.PngImagePlugin:STREAM b'IHDR' 16 13
DEBUG:PIL.PngImagePlugin:STREAM b'sBIT' 41 4
DEBUG:PIL.PngImagePlugin:b'sBIT' 41 4 (unknown)
DEBUG:PIL.PngImagePlugin:STREAM b'IDAT' 57 8192
DEBUG:bot_logger:Screenshot via adbutils
INFO:bot_logger:menu, wait count: 1
DEBUG:bot_logger:Detected icons: ['ad_pve.png', 'battle_icon.png', 'chapter_3.png', 'dungeon_page.png', 'store_refresh.png']
DEBUG:PIL.PngImagePlugin:STREAM b'IHDR' 16 13
DEBUG:PIL.PngImagePlugin:STREAM b'sBIT' 41 4
DEBUG:PIL.PngImagePlugin:b'sBIT' 41 4 (unknown)
DEBUG:PIL.PngImagePlugin:STREAM b'IDAT' 57 8192
DEBUG:bot_logger:Screenshot via adbutils
DEBUG:PIL.PngImagePlugin:STREAM b'IHDR' 16 13
DEBUG:PIL.PngImagePlugin:STREAM b'sBIT' 41 4
DEBUG:PIL.PngImagePlugin:b'sBIT' 41 4 (unknown)
DEBUG:PIL.PngImagePlugin:STREAM b'IDAT' 57 8192
DEBUG:bot_logger:Screenshot via adbutils
INFO:bot_logger:menu, wait count: 2
DEBUG:bot_logger:Detected icons: ['ad_pve.png', 'battle_icon.png', 'chapter_3.png', 'dungeon_page.png', 'store_refresh.png']
DEBUG:PIL.PngImagePlugin:STREAM b'IHDR' 16 13
DEBUG:PIL.PngImagePlugin:STREAM b'sBIT' 41 4
DEBUG:PIL.PngImagePlugin:b'sBIT' 41 4 (unknown)
DEBUG:PIL.PngImagePlugin:STREAM b'IDAT' 57 8192
DEBUG:bot_logger:Screenshot via adbutils
DEBUG:PIL.PngImagePlugin:STREAM b'IHDR' 16 13
DEBUG:PIL.PngImagePlugin:STREAM b'sBIT' 41 4
DEBUG:PIL.PngImagePlugin:b'sBIT' 41 4 (unknown)
DEBUG:PIL.PngImagePlugin:STREAM b'IDAT' 57 8192
DEBUG:bot_logger:Screenshot via adbutils
INFO:bot_logger:Stopping bot!
WARNING:bot_logger:Exiting main loop...
INFO:bot_logger:menu, wait count: 3
DEBUG:bot_logger:Detected icons: ['ad_pve.png', 'battle_icon.png', 'chapter_3.png', 'dungeon_page.png', 'store_refresh.png']
DEBUG:PIL.PngImagePlugin:STREAM b'IHDR' 16 13
DEBUG:PIL.PngImagePlugin:STREAM b'sBIT' 41 4
DEBUG:PIL.PngImagePlugin:b'sBIT' 41 4 (unknown)
DEBUG:PIL.PngImagePlugin:STREAM b'IDAT' 57 8192
DEBUG:bot_logger:Screenshot via adbutils
INFO:bot_logger:Bot stopped!
CRITICAL:bot_logger:Safe to close gui
DEBUG:bot_logger:GUI started!
